[DEBUG] (1) Initialized session [..]
[DEBUG] (1) Initialized game state with [..]
[DEBUG] (1) Initialized desktop-session [..]
