[..] Initialized session ([..] s)
[..] Initialized game state with Template(LightingBench, TemplateParameters { seed: Some(0), size: None }) ([..] s)
Error: failed to configure session for recording

Caused by:
    [..]
