[DEBUG] (1) Initialized session [..]
[INFO] Randomly chosen universe seed: [..]
Error: failed to create universe from requested template or file

Caused by:
    0: failed while constructing universe from template Fail
    1: An error occurred while generating object 'space'
    2: the Fail template always fails to generate
